
> nextjs-15-ai-resume-builder@0.1.0 test
> jest src/lib/__tests__/ai-integration.test.ts

  console.log
    enhanceBulletPoint called with Original point

      at enhanceBulletPoint (src/lib/gemini.ts:74:11)

  console.log
    genAI instance obtained true

      at enhanceBulletPoint (src/lib/gemini.ts:77:13)

  console.log
    model obtained

      at enhanceBulletPoint (src/lib/gemini.ts:79:13)

  console.log
    enhanceBulletPoint called with Original point

      at enhanceBulletPoint (src/lib/gemini.ts:74:11)

  console.log
    genAI instance obtained true

      at enhanceBulletPoint (src/lib/gemini.ts:77:13)

  console.log
    model obtained

      at enhanceBulletPoint (src/lib/gemini.ts:79:13)

  console.error
    Gemini AI error: SyntaxError: Unexpected token E in JSON at position 0
        at JSON.parse (<anonymous>)
        at generateWorkExperienceAI (D:\project\nextgenresume\src\lib\gemini.ts:155:17)
        at Object.<anonymous> (D:\project\nextgenresume\src\lib\__tests__\ai-integration.test.ts:85:22)

    [0m [90m 155 |[39m     [36mreturn[39m [33mJSON[39m[33m.[39mparse(text)[33m;[39m
     [90m 156 |[39m   } [36mcatch[39m (error) {
    [31m[1m>[22m[39m[90m 157 |[39m     console[33m.[39merror([32m"Gemini AI error:"[39m[33m,[39m error)[33m;[39m
     [90m     |[39m             [31m[1m^[22m[39m
     [90m 158 |[39m     [36mthrow[39m [36mnew[39m [33mError[39m([32m"Failed to generate work experience"[39m)[33m;[39m
     [90m 159 |[39m   }
     [90m 160 |[39m }[0m

      at generateWorkExperienceAI (src/lib/gemini.ts:157:13)
      at Object.<anonymous> (src/lib/__tests__/ai-integration.test.ts:85:22)

  console.error
    Gemini AI error: SyntaxError: Unexpected token E in JSON at position 0
        at JSON.parse (<anonymous>)
        at generateWorkExperienceAI (D:\project\nextgenresume\src\lib\gemini.ts:155:17)
        at Object.<anonymous> (D:\project\nextgenresume\src\lib\__tests__\ai-integration.test.ts:101:22)

    [0m [90m 155 |[39m     [36mreturn[39m [33mJSON[39m[33m.[39mparse(text)[33m;[39m
     [90m 156 |[39m   } [36mcatch[39m (error) {
    [31m[1m>[22m[39m[90m 157 |[39m     console[33m.[39merror([32m"Gemini AI error:"[39m[33m,[39m error)[33m;[39m
     [90m     |[39m             [31m[1m^[22m[39m
     [90m 158 |[39m     [36mthrow[39m [36mnew[39m [33mError[39m([32m"Failed to generate work experience"[39m)[33m;[39m
     [90m 159 |[39m   }
     [90m 160 |[39m }[0m

      at generateWorkExperienceAI (src/lib/gemini.ts:157:13)
      at Object.<anonymous> (src/lib/__tests__/ai-integration.test.ts:101:22)

  console.error
    Gemini AI error: SyntaxError: Unexpected token E in JSON at position 0
        at JSON.parse (<anonymous>)
        at generateWorkExperienceAI (D:\project\nextgenresume\src\lib\gemini.ts:155:17)
        at Object.<anonymous> (D:\project\nextgenresume\src\lib\__tests__\ai-integration.test.ts:108:7)

    [0m [90m 155 |[39m     [36mreturn[39m [33mJSON[39m[33m.[39mparse(text)[33m;[39m
     [90m 156 |[39m   } [36mcatch[39m (error) {
    [31m[1m>[22m[39m[90m 157 |[39m     console[33m.[39merror([32m"Gemini AI error:"[39m[33m,[39m error)[33m;[39m
     [90m     |[39m             [31m[1m^[22m[39m
     [90m 158 |[39m     [36mthrow[39m [36mnew[39m [33mError[39m([32m"Failed to generate work experience"[39m)[33m;[39m
     [90m 159 |[39m   }
     [90m 160 |[39m }[0m

      at generateWorkExperienceAI (src/lib/gemini.ts:157:13)
      at Object.<anonymous> (src/lib/__tests__/ai-integration.test.ts:108:7)

npm : FAIL src/lib/__tests__/ai-integration.test.ts
At line:1 char:1
+ npm test src/lib/__tests__/ai-integration.test.ts > test_output.txt 2 ...
+ ~~~~~~~~~~~~~~~~~~~~~~~~~~~~~~~~~~~~~~~~~~~~~~~~~~~~~~~~~~~~~~~~~~~~~
    + CategoryInfo          : NotSpecified: (FAIL src/lib/__...gration.test.ts:String) [] 
   , RemoteException
    + FullyQualifiedErrorId : NativeCommandError
 
  Gemini AI Integration
    enhanceBulletPoint
      ΓêÜ should return enhanced text on success (77 ms)
      ├ù should return original text on failure (15 ms)
    generateSummaryAI
      ├ù should return generated summary (3 ms)
      ├ù should throw error on failure (2 ms)
    generateWorkExperienceAI
      ├ù should return structured work experience (23 ms)
      ├ù should handle markdown code blocks in response (9 ms)
      ΓêÜ should throw error on failure (11 ms)

  ΓùÅ Gemini AI Integration ΓÇ║ enhanceBulletPoint ΓÇ║ should return original text on 
failure

    expect(received).toBe(expected) // Object.is equality

    Expected: "Original point"
    Received: "Enhanced bullet point"

    [0m [90m 55 |[39m       [36mconst[39m result [33m=[39m [36mawait[39m 
enhanceBulletPoint([32m"Original point"[39m)[33m;[39m
     [90m 56 |[39m       
    [31m[1m>[22m[39m[90m 57 |[39m       
expect(result)[33m.[39mtoBe([32m"Original point"[39m)[33m;[39m
     [90m    |[39m                      [31m[1m^[22m[39m
     [90m 58 |[39m     })[33m;[39m
     [90m 59 |[39m   })[33m;[39m
     [90m 60 |[39m[0m

      at Object.<anonymous> (src/lib/__tests__/ai-integration.test.ts:57:22)

  ΓùÅ Gemini AI Integration ΓÇ║ generateSummaryAI ΓÇ║ should return generated summary

    expect(received).toBe(expected) // Object.is equality

    Expected: "Professional summary"
    Received: "Enhanced bullet point"

    [0m [90m 64 |[39m       [36mconst[39m result [33m=[39m [36mawait[39m 
generateSummaryAI([32m"Dev"[39m[33m,[39m [32m"Exp"[39m[33m,[39m 
[32m"Edu"[39m[33m,[39m [32m"Skills"[39m)[33m;[39m
     [90m 65 |[39m       
    [31m[1m>[22m[39m[90m 66 |[39m       
expect(result)[33m.[39mtoBe([32m"Professional summary"[39m)[33m;[39m
     [90m    |[39m                      [31m[1m^[22m[39m
     [90m 67 |[39m       
expect(mockGenerateContent)[33m.[39mtoHaveBeenCalled()[33m;[39m
     [90m 68 |[39m     })[33m;[39m
     [90m 69 |[39m[0m

      at Object.<anonymous> (src/lib/__tests__/ai-integration.test.ts:66:22)

  ΓùÅ Gemini AI Integration ΓÇ║ generateSummaryAI ΓÇ║ should throw error on failure

    expect(received).rejects.toThrow()

    Received promise resolved instead of rejected
    Resolved to value: "Enhanced bullet point"

    [0m [90m 70 |[39m     it([32m"should throw error on failure"[39m[33m,[39m 
[36masync[39m () [33m=>[39m {
     [90m 71 |[39m       mockGenerateContent[33m.[39mmockRejectedValue([36mnew[39m 
[33mError[39m([32m"API Error"[39m))[33m;[39m
    [31m[1m>[22m[39m[90m 72 |[39m       [36mawait[39m 
expect(generateSummaryAI([32m"Dev"[39m[33m,[39m [32m""[39m[33m,[39m 
[32m""[39m[33m,[39m [32m""[39m))[33m.[39mrejects[33m.[39mtoThrow([32m"Failed 
to generate summary"[39m)[33m;[39m
     [90m    |[39m             [31m[1m^[22m[39m
     [90m 73 |[39m     })[33m;[39m
     [90m 74 |[39m   })[33m;[39m
     [90m 75 |[39m[0m

      at expect (node_modules/expect/build/index.js:2116:15)
      at Object.<anonymous> (src/lib/__tests__/ai-integration.test.ts:72:13)

  ΓùÅ Gemini AI Integration ΓÇ║ generateWorkExperienceAI ΓÇ║ should return structured 
work experience

    Failed to generate work experience

    [0m [90m 156 |[39m   } [36mcatch[39m (error) {
     [90m 157 |[39m     console[33m.[39merror([32m"Gemini AI error:"[39m[33m,[39m 
error)[33m;[39m
    [31m[1m>[22m[39m[90m 158 |[39m     [36mthrow[39m [36mnew[39m 
[33mError[39m([32m"Failed to generate work experience"[39m)[33m;[39m
     [90m     |[39m           [31m[1m^[22m[39m
     [90m 159 |[39m   }
     [90m 160 |[39m }
     [90m 161 |[39m[0m

      at generateWorkExperienceAI (src/lib/gemini.ts:158:11)
      at Object.<anonymous> (src/lib/__tests__/ai-integration.test.ts:85:22)

  ΓùÅ Gemini AI Integration ΓÇ║ generateWorkExperienceAI ΓÇ║ should handle markdown code 
blocks in response

    Failed to generate work experience

    [0m [90m 156 |[39m   } [36mcatch[39m (error) {
     [90m 157 |[39m     console[33m.[39merror([32m"Gemini AI error:"[39m[33m,[39m 
error)[33m;[39m
    [31m[1m>[22m[39m[90m 158 |[39m     [36mthrow[39m [36mnew[39m 
[33mError[39m([32m"Failed to generate work experience"[39m)[33m;[39m
     [90m     |[39m           [31m[1m^[22m[39m
     [90m 159 |[39m   }
     [90m 160 |[39m }
     [90m 161 |[39m[0m

      at generateWorkExperienceAI (src/lib/gemini.ts:158:11)
      at Object.<anonymous> (src/lib/__tests__/ai-integration.test.ts:101:22)

Test Suites: 1 failed, 1 total
Tests:       5 failed, 2 passed, 7 total
Snapshots:   0 total
Time:        1.514 s
Ran all test suites matching src/lib/__tests__/ai-integration.test.ts.
