
> nextjs-15-ai-resume-builder@0.1.0 test
> jest --testPathPatterns=ats --verbose 2\u003etest-error.txt

  console.error
    Error parsing file: Error: PDF parsing is currently not supported. Please upload a DOCX file or use existing resume data.
        at parseResumeFile (D:\project\nextgenresume\src\lib\ats-parser.ts:36:13)
        at Object.<anonymous> (D:\project\nextgenresume\src\lib\__tests__\ats-parser.test.ts:166:35)
        at Promise.finally.completed (D:\project\nextgenresume\node_modules\jest-circus\build\jestAdapterInit.js:1557:28)
        at new Promise (<anonymous>)
        at callAsyncCircusFn (D:\project\nextgenresume\node_modules\jest-circus\build\jestAdapterInit.js:1497:10)
        at _callCircusTest (D:\project\nextgenresume\node_modules\jest-circus\build\jestAdapterInit.js:1007:40)
        at processTicksAndRejections (node:internal/process/task_queues:95:5)
        at _runTest (D:\project\nextgenresume\node_modules\jest-circus\build\jestAdapterInit.js:947:3)
        at D:\project\nextgenresume\node_modules\jest-circus\build\jestAdapterInit.js:849:7
        at _runTestsForDescribeBlock (D:\project\nextgenresume\node_modules\jest-circus\build\jestAdapterInit.js:862:11)
        at _runTestsForDescribeBlock (D:\project\nextgenresume\node_modules\jest-circus\build\jestAdapterInit.js:857:11)
        at _runTestsForDescribeBlock (D:\project\nextgenresume\node_modules\jest-circus\build\jestAdapterInit.js:857:11)
        at run (D:\project\nextgenresume\node_modules\jest-circus\build\jestAdapterInit.js:761:3)
        at runAndTransformResultsToJestFormat (D:\project\nextgenresume\node_modules\jest-circus\build\jestAdapterInit.js:1918:21)
        at jestAdapter (D:\project\nextgenresume\node_modules\jest-circus\build\runner.js:101:19)
        at runTestInternal (D:\project\nextgenresume\node_modules\jest-runner\build\testWorker.js:275:16)
        at runTest (D:\project\nextgenresume\node_modules\jest-runner\build\testWorker.js:343:7)
        at Object.worker (D:\project\nextgenresume\node_modules\jest-runner\build\testWorker.js:497:12)

    [0m [90m 42 |[39m     [36mthrow[39m [36mnew[39m [33mError[39m([32m"Unsupported file type"[39m)[33m;[39m
     [90m 43 |[39m   } [36mcatch[39m (error) {
    [31m[1m>[22m[39m[90m 44 |[39m     console[33m.[39merror([32m"Error parsing file:"[39m[33m,[39m error)[33m;[39m
     [90m    |[39m             [31m[1m^[22m[39m
     [90m 45 |[39m     [36mthrow[39m [36mnew[39m [33mError[39m([32m"Failed to parse resume file"[39m)[33m;[39m
     [90m 46 |[39m   }
     [90m 47 |[39m }[0m

      at parseResumeFile (src/lib/ats-parser.ts:44:13)
      at Object.<anonymous> (src/lib/__tests__/ats-parser.test.ts:166:35)

